C:/work_dir/projects/testbed/software/robots/software_board/libraries/general/stm32_core_cpp_lib/hardware/UART/core_hardware_UART.h:34:16:constexpr core_hardware_UART_config::core_hardware_UART_config()	16	static
c:\work_dir\projects\testbed\software\robots\software_board\libraries\general\stm32_core_cpp_lib\utils\core_utils_BufferQueue.h:14:7:core_utils_Buffer::core_utils_Buffer()	16	static
C:/work_dir/projects/testbed/software/robots/software_board/libraries/general/stm32_core_cpp_lib/hardware/UART/core_hardware_UART.cpp:22:1:core_hardware_UART::core_hardware_UART()	16	static
C:/work_dir/projects/testbed/software/robots/software_board/libraries/general/stm32_core_cpp_lib/hardware/UART/core_hardware_UART.cpp:27:6:void core_hardware_UART::init(UART_HandleTypeDef*)	16	static
C:/work_dir/projects/testbed/software/robots/software_board/libraries/general/stm32_core_cpp_lib/hardware/UART/core_hardware_UART.cpp:31:6:void core_hardware_UART::init(UART_HandleTypeDef*, core_hardware_UART_config)	24	static
C:/work_dir/projects/testbed/software/robots/software_board/libraries/general/stm32_core_cpp_lib/hardware/UART/core_hardware_UART.cpp:51:8:int8_t core_hardware_UART::available()	16	static
C:/work_dir/projects/testbed/software/robots/software_board/libraries/general/stm32_core_cpp_lib/hardware/UART/core_hardware_UART.cpp:55:6:void core_hardware_UART::start()	16	static
C:/work_dir/projects/testbed/software/robots/software_board/libraries/general/stm32_core_cpp_lib/hardware/UART/core_hardware_UART.cpp:69:6:void core_hardware_UART::startReceiveDMA()	16	static
C:/work_dir/projects/testbed/software/robots/software_board/libraries/general/stm32_core_cpp_lib/hardware/UART/core_hardware_UART.cpp:82:6:void core_hardware_UART::registerCallback(core_hardware_UART_CB_ID, void (*)(void*, void*), void*)	24	static
C:/work_dir/projects/testbed/software/robots/software_board/libraries/general/stm32_core_cpp_lib/hardware/UART/core_hardware_UART.cpp:92:6:void uartRxCmpltDMA_callback(UART_HandleTypeDef*, uint16_t)	24	static
C:/work_dir/projects/testbed/software/robots/software_board/libraries/general/stm32_core_cpp_lib/hardware/UART/core_hardware_UART.cpp:101:6:void core_hardware_UART::rxFunction(uint16_t)	16	static
C:/work_dir/projects/testbed/software/robots/software_board/libraries/general/stm32_core_cpp_lib/hardware/UART/core_hardware_UART.cpp:122:6:void core_hardware_UART::send(uint8_t*, uint8_t)	32	static
C:/work_dir/projects/testbed/software/robots/software_board/libraries/general/stm32_core_cpp_lib/hardware/UART/core_hardware_UART.cpp:146:6:void core_hardware_UART::sendRaw(uint8_t*, uint8_t)	24	static
C:/work_dir/projects/testbed/software/robots/software_board/libraries/general/stm32_core_cpp_lib/hardware/UART/core_hardware_UART.cpp:163:6:void core_hardware_UART::flushTx()	16	static
C:/work_dir/projects/testbed/software/robots/software_board/libraries/general/stm32_core_cpp_lib/hardware/UART/core_hardware_UART.cpp:171:6:void core_hardware_UART::sendNextBuffer()	24	static
c:\work_dir\projects\testbed\software\robots\software_board\libraries\general\stm32_core_cpp_lib\utils\core_utils_BufferQueue.h:23:2:core_utils_BufferQueue<num>::core_utils_BufferQueue() [with int num = 10]	24	static
c:\work_dir\projects\testbed\software\robots\software_board\libraries\general\stm32_core_cpp_lib\utils\core_utils_BufferQueue.h:98:9:int8_t core_utils_BufferQueue<num>::available() [with int num = 10]	24	static
c:\work_dir\projects\testbed\software\robots\software_board\libraries\general\stm32_core_cpp_lib\utils\core_utils_BufferQueue.h:31:10:uint8_t core_utils_BufferQueue<num>::write(core_utils_Buffer*) [with int num = 10]	24	static
c:\work_dir\projects\testbed\software\robots\software_board\libraries\general\stm32_core_cpp_lib\utils\core_utils_BufferQueue.h:40:10:uint8_t core_utils_BufferQueue<num>::write(uint8_t*, uint16_t) [with int num = 10]	32	static
c:\work_dir\projects\testbed\software\robots\software_board\libraries\general\stm32_core_cpp_lib\utils\core_utils_BufferQueue.h:78:10:uint8_t core_utils_BufferQueue<num>::read(uint8_t**) [with int num = 10]	24	static
c:\work_dir\projects\testbed\software\robots\software_board\libraries\general\stm32_core_cpp_lib\utils\core_utils_BufferQueue.h:121:10:uint8_t core_utils_BufferQueue<num>::inc_write() [with int num = 10]	16	static
c:\work_dir\projects\testbed\software\robots\software_board\libraries\general\stm32_core_cpp_lib\utils\core_utils_BufferQueue.h:134:10:uint8_t core_utils_BufferQueue<num>::inc_read() [with int num = 10]	16	static
