C:/work_dir/projects/testbed/software/robots/software_board/libraries/general/robot-control_std_lib/robot-control_std.cpp:32:6:void robot_control_init()	4	static
C:/work_dir/projects/testbed/software/robots/software_board/libraries/general/robot-control_std_lib/robot-control_std.cpp:38:6:void robot_control_start()	8	static
C:/work_dir/projects/testbed/software/robots/software_board/libraries/general/robot-control_std_lib/robot-control_std.cpp:44:6:void robot_control_task(void*)	24	static
C:/work_dir/projects/testbed/software/robots/software_board/libraries/general/robot-control_std_lib/robot-control_std.cpp:53:1:void __static_initialization_and_destruction_0(int, int)	16	static
C:/work_dir/projects/testbed/software/robots/software_board/libraries/general/robot-control_std_lib/robot-control_std.cpp:53:1:cpp)	8	static
