c:\work_dir\projects\testbed\software\robots\software_board\libraries\general\stm32_core_cpp_lib\utils\core_utils.h:21:13:void nop()	4	static
c:\work_dir\projects\testbed\software\robots\software_board\libraries\general\stm32_core_cpp_lib\hardware\uart\core_hardware_uart.h:34:16:constexpr core_hardware_UART_config::core_hardware_UART_config()	16	static
C:/work_dir/projects/testbed/software/robots/software_board/libraries/general/stm32_core_cpp_lib/communication/serial_socket/core_comm_SerialSocket.h:50:8:core_comm_UartInterface_config::core_comm_UartInterface_config()	16	static
C:/work_dir/projects/testbed/software/robots/software_board/libraries/general/stm32_core_cpp_lib/communication/serial_socket/core_comm_MessageQueue.h:14:7:core_comm_MessageQueue<10>::core_comm_MessageQueue()	16	static
C:/work_dir/projects/testbed/software/robots/software_board/libraries/general/stm32_core_cpp_lib/communication/serial_socket/core_comm_SerialSocket.h:59:16:constexpr core_comm_SerialSocket_RTOS::core_comm_SerialSocket_RTOS()	16	static
C:/work_dir/projects/testbed/software/robots/software_board/libraries/general/stm32_core_cpp_lib/communication/serial_socket/core_comm_SerialSocket.h:45:16:core_comm_SerialSocket_callbacks::core_comm_SerialSocket_callbacks()	16	static
C:/work_dir/projects/testbed/software/robots/software_board/libraries/general/stm32_core_cpp_lib/communication/serial_socket/core_comm_SerialSocket.cpp:20:1:core_comm_UartInterface::core_comm_UartInterface()	16	static
C:/work_dir/projects/testbed/software/robots/software_board/libraries/general/stm32_core_cpp_lib/communication/serial_socket/core_comm_SerialSocket.cpp:26:6:void core_comm_UartInterface::init(UART_HandleTypeDef*)	16	static
C:/work_dir/projects/testbed/software/robots/software_board/libraries/general/stm32_core_cpp_lib/communication/serial_socket/core_comm_SerialSocket.cpp:30:6:void core_comm_UartInterface::init(UART_HandleTypeDef*, core_comm_UartInterface_config)	24	static
C:/work_dir/projects/testbed/software/robots/software_board/libraries/general/stm32_core_cpp_lib/communication/serial_socket/core_comm_SerialSocket.cpp:43:6:void core_comm_UartInterface::start()	16	static
C:/work_dir/projects/testbed/software/robots/software_board/libraries/general/stm32_core_cpp_lib/communication/serial_socket/core_comm_SerialSocket.cpp:58:6:void core_comm_UartInterface::startRTOS()	56	static
C:/work_dir/projects/testbed/software/robots/software_board/libraries/general/stm32_core_cpp_lib/communication/serial_socket/core_comm_SerialSocket.cpp:68:6:void core_comm_UartInterface::send(core_comm_SerialMessage*)	24	static
C:/work_dir/projects/testbed/software/robots/software_board/libraries/general/stm32_core_cpp_lib/communication/serial_socket/core_comm_SerialSocket.cpp:74:6:void core_comm_UartInterface::send(uint8_t*, uint8_t)	24	static
C:/work_dir/projects/testbed/software/robots/software_board/libraries/general/stm32_core_cpp_lib/communication/serial_socket/core_comm_SerialSocket.cpp:83:6:void core_comm_UartInterface::sendRaw(uint8_t*, uint8_t)	24	static
C:/work_dir/projects/testbed/software/robots/software_board/libraries/general/stm32_core_cpp_lib/communication/serial_socket/core_comm_SerialSocket.cpp:92:6:void core_comm_UartInterface::registerCallback(core_comm_SerialSocket_CB_ID, void (*)(void*, void*), void*)	24	static
C:/work_dir/projects/testbed/software/robots/software_board/libraries/general/stm32_core_cpp_lib/communication/serial_socket/core_comm_SerialSocket.cpp:110:25:core_comm_SerialMessage core_comm_UartInterface::getMessage()	16	static
C:/work_dir/projects/testbed/software/robots/software_board/libraries/general/stm32_core_cpp_lib/communication/serial_socket/core_comm_SerialSocket.cpp:115:26:core_comm_SerialMessage* core_comm_UartInterface::getMessagePointer()	16	static
C:/work_dir/projects/testbed/software/robots/software_board/libraries/general/stm32_core_cpp_lib/communication/serial_socket/core_comm_SerialSocket.cpp:120:9:uint8_t core_comm_UartInterface::rx_function()	32	static
C:/work_dir/projects/testbed/software/robots/software_board/libraries/general/stm32_core_cpp_lib/communication/serial_socket/core_comm_SerialSocket.cpp:165:6:void core_comm_SerialSocket_RTOS_Task(void*)	24	static
C:/work_dir/projects/testbed/software/robots/software_board/libraries/general/stm32_core_cpp_lib/communication/serial_socket/core_comm_SerialSocket.cpp:184:6:void core_comm_SerialSocket_rx_notify(void*, void*)	24	static,ignoring_inline_asm
C:/work_dir/projects/testbed/software/robots/software_board/libraries/general/stm32_core_cpp_lib/communication/serial_socket/core_comm_MessageQueue.h:65:26:core_comm_SerialMessage core_comm_MessageQueue<num_messages>::read() [with int num_messages = 10]	16	static
C:/work_dir/projects/testbed/software/robots/software_board/libraries/general/stm32_core_cpp_lib/communication/serial_socket/core_comm_MessageQueue.h:71:27:core_comm_SerialMessage* core_comm_MessageQueue<num_messages>::readPointer() [with int num_messages = 10]	24	static
c:\work_dir\projects\testbed\software\robots\software_board\libraries\general\stm32_core_cpp_lib\utils\core_utils_BufferQueue.h:88:21:core_utils_Buffer* core_utils_BufferQueue<num>::read() [with int num = 10]	24	static
C:/work_dir/projects/testbed/software/robots/software_board/libraries/general/stm32_core_cpp_lib/communication/serial_socket/core_comm_MessageQueue.h:39:10:uint8_t core_comm_MessageQueue<num_messages>::write(core_comm_SerialMessage*) [with int num_messages = 10]	16	static
C:/work_dir/projects/testbed/software/robots/software_board/libraries/general/stm32_core_cpp_lib/communication/serial_socket/core_comm_MessageQueue.h:44:10:uint8_t core_comm_MessageQueue<num_messages>::read(core_comm_SerialMessage*) [with int num_messages = 10]	24	static
C:/work_dir/projects/testbed/software/robots/software_board/libraries/general/stm32_core_cpp_lib/communication/serial_socket/core_comm_MessageQueue.h:31:10:uint8_t core_comm_MessageQueue<num_messages>::inc_read() [with int num_messages = 10]	16	static
c:\work_dir\projects\testbed\software\robots\software_board\libraries\general\stm32_core_cpp_lib\utils\core_utils_BufferQueue.h:98:9:int8_t core_utils_BufferQueue<num>::available() [with int num = 10]	24	static
c:\work_dir\projects\testbed\software\robots\software_board\libraries\general\stm32_core_cpp_lib\utils\core_utils_BufferQueue.h:134:10:uint8_t core_utils_BufferQueue<num>::inc_read() [with int num = 10]	16	static
C:/work_dir/projects/testbed/software/robots/software_board/libraries/general/stm32_core_cpp_lib/communication/serial_socket/core_comm_MessageQueue.h:23:10:uint8_t core_comm_MessageQueue<num_messages>::inc_write() [with int num_messages = 10]	16	static
C:/work_dir/projects/testbed/software/robots/software_board/libraries/general/stm32_core_cpp_lib/communication/serial_socket/core_comm_MessageQueue.h:77:10:uint8_t core_comm_MessageQueue<num_messages>::available() [with int num_messages = 10]	24	static
C:/work_dir/projects/testbed/software/robots/software_board/libraries/general/stm32_core_cpp_lib/communication/serial_socket/core_comm_SerialSocket.cpp:191:1:void __static_initialization_and_destruction_0(int, int)	16	static
C:/work_dir/projects/testbed/software/robots/software_board/libraries/general/stm32_core_cpp_lib/communication/serial_socket/core_comm_SerialSocket.cpp:191:1:cpp)	8	static
