C:/work_dir/projects/testbed/software/robots/software_board/libraries/general/stm32_core_cpp_lib/communication/serial_socket/core_comm_SerialProtocol.cpp:10:6:void core_comm_SerialMessage::copyTo(core_comm_SerialMessage*)	24	static
C:/work_dir/projects/testbed/software/robots/software_board/libraries/general/stm32_core_cpp_lib/communication/serial_socket/core_comm_SerialProtocol.cpp:22:9:uint8_t core_comm_SerialMessage::encode(uint8_t*)	24	static
C:/work_dir/projects/testbed/software/robots/software_board/libraries/general/stm32_core_cpp_lib/communication/serial_socket/core_comm_SerialProtocol.cpp:38:6:void core_comm_SerialMessage::encode(core_utils_Buffer*)	24	static
C:/work_dir/projects/testbed/software/robots/software_board/libraries/general/stm32_core_cpp_lib/communication/serial_socket/core_comm_SerialProtocol.cpp:54:9:uint8_t core_comm_SerialMessage::check(uint8_t*, uint8_t)	32	static
C:/work_dir/projects/testbed/software/robots/software_board/libraries/general/stm32_core_cpp_lib/communication/serial_socket/core_comm_SerialProtocol.cpp:80:9:uint8_t core_comm_SerialMessage::check(core_utils_Buffer*)	16	static
C:/work_dir/projects/testbed/software/robots/software_board/libraries/general/stm32_core_cpp_lib/communication/serial_socket/core_comm_SerialProtocol.cpp:84:9:uint8_t core_comm_SerialMessage::decode(uint8_t*, uint8_t)	32	static
C:/work_dir/projects/testbed/software/robots/software_board/libraries/general/stm32_core_cpp_lib/communication/serial_socket/core_comm_SerialProtocol.cpp:111:9:uint8_t core_comm_SerialMessage::decode(core_utils_Buffer*)	16	static
