C:/work_dir/projects/testbed/software/robots/software_board/libraries/general/stm32_core_cpp_lib/robot/simplexmotion_motors/simplexmotion.hpp:77:16:simplexmotion_callbacks::simplexmotion_callbacks()	16	static
C:/work_dir/projects/testbed/software/robots/software_board/libraries/general/stm32_core_cpp_lib/robot/simplexmotion_motors/simplexmotion.cpp:10:1:SimplexMotionMotor::SimplexMotionMotor()	16	static
C:/work_dir/projects/testbed/software/robots/software_board/libraries/general/stm32_core_cpp_lib/robot/simplexmotion_motors/simplexmotion.cpp:15:9:uint8_t SimplexMotionMotor::writeRegisters(uint16_t, uint16_t, uint16_t*)	56	static
C:/work_dir/projects/testbed/software/robots/software_board/libraries/general/stm32_core_cpp_lib/robot/simplexmotion_motors/simplexmotion.cpp:43:9:uint8_t SimplexMotionMotor::readRegisters(uint16_t, uint16_t, uint16_t*)	56	static
C:/work_dir/projects/testbed/software/robots/software_board/libraries/general/stm32_core_cpp_lib/robot/simplexmotion_motors/simplexmotion.cpp:65:9:uint8_t SimplexMotionMotor::init(uint8_t, int8_t, ModbusMaster*)	48	static
C:/work_dir/projects/testbed/software/robots/software_board/libraries/general/stm32_core_cpp_lib/robot/simplexmotion_motors/simplexmotion.cpp:100:6:void SimplexMotionMotor::start(simplexmotion_mode)	24	static
C:/work_dir/projects/testbed/software/robots/software_board/libraries/general/stm32_core_cpp_lib/robot/simplexmotion_motors/simplexmotion.cpp:128:9:uint8_t SimplexMotionMotor::startup_check()	32	static
C:/work_dir/projects/testbed/software/robots/software_board/libraries/general/stm32_core_cpp_lib/robot/simplexmotion_motors/simplexmotion.cpp:181:9:uint8_t SimplexMotionMotor::check()	16	static
C:/work_dir/projects/testbed/software/robots/software_board/libraries/general/stm32_core_cpp_lib/robot/simplexmotion_motors/simplexmotion.cpp:186:9:uint8_t SimplexMotionMotor::setMode(simplexmotion_mode)	24	static
C:/work_dir/projects/testbed/software/robots/software_board/libraries/general/stm32_core_cpp_lib/robot/simplexmotion_motors/simplexmotion.cpp:214:9:uint8_t SimplexMotionMotor::stop()	24	static
C:/work_dir/projects/testbed/software/robots/software_board/libraries/general/stm32_core_cpp_lib/robot/simplexmotion_motors/simplexmotion.cpp:222:9:uint8_t SimplexMotionMotor::beep(uint16_t)	24	static
C:/work_dir/projects/testbed/software/robots/software_board/libraries/general/stm32_core_cpp_lib/robot/simplexmotion_motors/simplexmotion.cpp:232:9:uint8_t SimplexMotionMotor::reset()	16	static
C:/work_dir/projects/testbed/software/robots/software_board/libraries/general/stm32_core_cpp_lib/robot/simplexmotion_motors/simplexmotion.cpp:237:7:float SimplexMotionMotor::getPosition()	32	static
C:/work_dir/projects/testbed/software/robots/software_board/libraries/general/stm32_core_cpp_lib/robot/simplexmotion_motors/simplexmotion.cpp:251:9:int32_t SimplexMotionMotor::getPositionRaw()	32	static
C:/work_dir/projects/testbed/software/robots/software_board/libraries/general/stm32_core_cpp_lib/robot/simplexmotion_motors/simplexmotion.cpp:266:7:float SimplexMotionMotor::getSpeed()	32	static
C:/work_dir/projects/testbed/software/robots/software_board/libraries/general/stm32_core_cpp_lib/robot/simplexmotion_motors/simplexmotion.cpp:282:9:uint8_t SimplexMotionMotor::setTorqueLimit(float)	24	static
C:/work_dir/projects/testbed/software/robots/software_board/libraries/general/stm32_core_cpp_lib/robot/simplexmotion_motors/simplexmotion.cpp:312:7:float SimplexMotionMotor::getTorqueLimit()	32	static
C:/work_dir/projects/testbed/software/robots/software_board/libraries/general/stm32_core_cpp_lib/robot/simplexmotion_motors/simplexmotion.cpp:329:7:float SimplexMotionMotor::getTorque()	16	static
C:/work_dir/projects/testbed/software/robots/software_board/libraries/general/stm32_core_cpp_lib/robot/simplexmotion_motors/simplexmotion.cpp:334:9:uint8_t SimplexMotionMotor::setTorque(float)	32	static
C:/work_dir/projects/testbed/software/robots/software_board/libraries/general/stm32_core_cpp_lib/robot/simplexmotion_motors/simplexmotion.cpp:349:9:uint8_t SimplexMotionMotor::setTarget(int32_t)	24	static
C:/work_dir/projects/testbed/software/robots/software_board/libraries/general/stm32_core_cpp_lib/robot/simplexmotion_motors/simplexmotion.cpp:361:9:uint8_t SimplexMotionMotor::getStatus(simplexmotion_status*)	24	static
C:/work_dir/projects/testbed/software/robots/software_board/libraries/general/stm32_core_cpp_lib/robot/simplexmotion_motors/simplexmotion.cpp:385:6:void SimplexMotionMotor::registerCallback(simplexmotion_callback_id, void (*)(void*, void*), void*)	24	static
C:/work_dir/projects/testbed/software/robots/software_board/libraries/general/stm32_core_cpp_lib/robot/simplexmotion_motors/simplexmotion.cpp:395:6:void SimplexMotionMotor::error_handler(simplexmotion_error)	16	static
