../Core/Src/main.c:104:5:main	8	static
../Core/Src/main.c:192:6:SystemClock_Config	120	static
../Core/Src/main.c:251:13:MX_SPI1_Init	8	static
../Core/Src/main.c:298:13:MX_SPI2_Init	8	static
../Core/Src/main.c:346:13:MX_TIM2_Init	40	static
../Core/Src/main.c:391:13:MX_UART8_Init	8	static
../Core/Src/main.c:439:13:MX_USART1_UART_Init	8	static
../Core/Src/main.c:487:13:MX_USART2_UART_Init	8	static
../Core/Src/main.c:535:13:MX_DMA_Init	16	static
../Core/Src/main.c:597:13:MX_GPIO_Init	48	static
../Core/Src/main.c:688:6:StartDefaultTask	16	static
../Core/Src/main.c:701:6:Callback01	16	static
../Core/Src/main.c:716:6:HAL_TIM_PeriodElapsedCallback	16	static
../Core/Src/main.c:733:6:Error_Handler	4	static,ignoring_inline_asm
