../Core/Src/main.c:90:5:main	8	static
../Core/Src/main.c:174:6:SystemClock_Config	120	static
../Core/Src/main.c:233:13:MX_SPI2_Init	8	static
../Core/Src/main.c:281:13:MX_UART8_Init	8	static
../Core/Src/main.c:329:13:MX_USART1_UART_Init	8	static
../Core/Src/main.c:377:13:MX_USART2_UART_Init	8	static
../Core/Src/main.c:423:13:MX_DMA_Init	16	static
../Core/Src/main.c:456:13:MX_GPIO_Init	48	static
../Core/Src/main.c:510:6:StartDefaultTask	16	static
../Core/Src/main.c:531:6:HAL_TIM_PeriodElapsedCallback	16	static
../Core/Src/main.c:548:6:Error_Handler	4	static,ignoring_inline_asm
