c:\work_dir\projects\testbed\software\robots\software_board\libraries\general\stm32_core_cpp_lib\utils\core_utils.h:21:13:void nop()	4	static
../firmware/communication/twipr_communication.cpp:34:1:TWIPR_Communication::TWIPR_Communication()	16	static
../firmware/communication/twipr_communication.cpp:39:6:void TWIPR_Communication::init(twipr_comm_config_t)	16	static
../firmware/communication/twipr_communication.cpp:49:6:void TWIPR_Communication::start()	16	static
../firmware/communication/twipr_communication.cpp:62:6:void TWIPR_Communication::send(uint8_t, uint8_t, uint16_t, uint8_t, uint8_t*, uint8_t)	24	static
../firmware/communication/twipr_communication.cpp:79:6:void TWIPR_Communication::send(core_comm_SerialMessage*)	16	static
../firmware/communication/twipr_communication.cpp:87:6:void twipr_comm_task(void*)	32	static
../firmware/communication/twipr_communication.cpp:108:6:void TWIPR_Communication::task_loop()	16	static
../firmware/communication/twipr_communication.cpp:116:6:void TWIPR_Communication::_handleIncomingMessages()	16	static
../firmware/communication/twipr_communication.cpp:156:6:void TWIPR_Communication::_handleMessage_read(core_comm_SerialMessage*)	16	static
../firmware/communication/twipr_communication.cpp:171:6:void uart_cm4_rx_callback(void*, void*)	24	static
C:/work_dir/projects/testbed/software/robots/software_board/libraries/general/stm32_core_cpp_lib/communication/serial_socket/core_comm_MessageQueue.h:77:10:uint8_t core_comm_MessageQueue<num_messages>::available() [with int num_messages = 10]	24	static
C:/work_dir/projects/testbed/software/robots/software_board/libraries/general/stm32_core_cpp_lib/communication/serial_socket/core_comm_MessageQueue.h:44:10:uint8_t core_comm_MessageQueue<num_messages>::read(core_comm_SerialMessage*) [with int num_messages = 10]	24	static
C:/work_dir/projects/testbed/software/robots/software_board/libraries/general/stm32_core_cpp_lib/communication/serial_socket/core_comm_MessageQueue.h:31:10:uint8_t core_comm_MessageQueue<num_messages>::inc_read() [with int num_messages = 10]	16	static
